
> presec_frontend@0.1.0 start
> react-scripts start

(node:137193) [DEP_WEBPACK_DEV_SERVER_ON_AFTER_SETUP_MIDDLEWARE] DeprecationWarning: 'onAfterSetupMiddleware' option is deprecated. Please use the 'setupMiddlewares' option.
(Use `node --trace-deprecation ...` to show where the warning was created)
(node:137193) [DEP_WEBPACK_DEV_SERVER_ON_BEFORE_SETUP_MIDDLEWARE] DeprecationWarning: 'onBeforeSetupMiddleware' option is deprecated. Please use the 'setupMiddlewares' option.
Starting the development server...

Compiled with warnings.

[eslint]
src/components/Profile.jsx
  Line 28:8:  React Hook useEffect has missing dependencies: 'apiUrl' and 'headers'. Either include them or remove the dependency array  react-hooks/exhaustive-deps

src/components/StudyPlanner.jsx
  Line 34:8:  React Hook useEffect has a missing dependency: 'fetchPlans'. Either include it or remove the dependency array  react-hooks/exhaustive-deps

src/components/navbar.jsx
  Line 25:11:  'location' is assigned a value but never used  no-unused-vars

Search for the keywords to learn more about each warning.
To ignore, add // eslint-disable-next-line to the line before.

WARNING in [eslint]
src/components/Profile.jsx
  Line 28:8:  React Hook useEffect has missing dependencies: 'apiUrl' and 'headers'. Either include them or remove the dependency array  react-hooks/exhaustive-deps

src/components/StudyPlanner.jsx
  Line 34:8:  React Hook useEffect has a missing dependency: 'fetchPlans'. Either include it or remove the dependency array  react-hooks/exhaustive-deps

src/components/navbar.jsx
  Line 25:11:  'location' is assigned a value but never used  no-unused-vars

webpack compiled with 1 warning
